// Jest Snapshot v1, https://goo.gl/fbAQLP

exports[`Pruebas en <GiftItem /> debe hacer match con el snapshot 1`] = `
<div>
  <div
    class="card"
  >
    <img
      alt="One Punch Man GIF"
      src="https://media2.giphy.com/media/VXJWhaO7afRe/giphy.gif?cid=e93ddaacz1584r9i1wmkmnpu497c8362x8lpx0ldukkmvx9h&ep=v1_gifs_search&rid=giphy.gif&ct=g"
    />
    <p>
      One Punch Man GIF
    </p>
  </div>
</div>
`;
